// Jest Snapshot v1, https://goo.gl/fbAQLP

exports[`overlay matches snapshot 1`] = `
<div
  className="sc-gsnTZi hhmBPn"
/>
`;
