// Jest Snapshot v1, https://goo.gl/fbAQLP

exports[`Avatar component matches snapshot 1`] = `
<div
  className="sc-gsDKAQ hhYsSS"
  data-testid="avatar"
>
  <span>
     
    J D
     
  </span>
</div>
`;
