// Jest Snapshot v1, https://goo.gl/fbAQLP

exports[`chip matches snapshot 1`] = `
<span
  className="sc-bczRLJ hROJNc"
>
  <div
    className="sc-kDDrLX gyqSED"
    disabled={false}
    height="32px"
    onClick={[Function]}
    readOnly={false}
    selected={false}
    size="Medium"
  >
    <div
      className="sc-iqcoie fgUhqy"
      data-testid="undefined-label"
      size="Medium"
    >
      <span
        className="sc-bczRLJ hROJNc"
      >
        <p
          className="sc-dkzDqf cchzTL"
          color="digital-black"
        >
          label
        </p>
      </span>
    </div>
  </div>
</span>
`;
