// Jest Snapshot v1, https://goo.gl/fbAQLP

exports[`Avatar component matches snapshot 1`] = `
<span
  className="sc-bczRLJ hROJNc"
>
  <div
    className="sc-gKXOVf bGFeFR"
    fontSize="12px"
    loading={false}
    onClick={[Function]}
    size="40px"
  >
    <span
      data-testid="undefined-name"
    >
       
      JD
       
    </span>
  </div>
</span>
`;
