// Jest Snapshot v1, https://goo.gl/fbAQLP

exports[`Image component matches snapshot 1`] = `
<div
  className="sc-dkzDqf cmapVJ"
>
  <div
    className="sc-hKMtZM dYgOXo"
  />
  <img
    className="sc-gsnTZi DdlAW"
    src="https://via.placeholder.com/400"
  />
</div>
`;
