// Jest Snapshot v1, https://goo.gl/fbAQLP

exports[`text matches snapshot 1`] = `
<span
  className="sc-bdfBQB dGZTMR"
>
  <p
    className="sc-gsTEea dirViS"
  >
    this is a text block
  </p>
</span>
`;