// Jest Snapshot v1, https://goo.gl/fbAQLP

exports[`molecule pagination matches snapshot 1`] = `
<div
  className="sc-kDDrLX kGuhpW"
>
  <span
    className="sc-bczRLJ hROJNc"
  >
    <ul>
      <li>
        <span
          className="sc-bczRLJ hROJNc"
        >
          <button
            className="sc-gKXOVf sc-papXJ hQuGSn cUKKxM"
            data-testid="undefined-button-previous"
            disabled={true}
            fontSize="16px"
            loading={false}
            onClick={[Function]}
            onKeyUp={[Function]}
            tabIndex={-1}
            type="button"
          >
            <div
              className="text-container "
            >
              <svg
                className="sc-gsnTZi gIwTyE"
                color="#212833"
                data-testid="svg-component"
                size="24px"
                version="1.1"
                viewBox="0 0 24 24"
                xmlns="http://www.w3.org/2000/svg"
                xmlnsXlink="http://www.w3.org/1999/xlink"
              >
                <g
                  fillRule="evenodd"
                >
                  <path
                    d="M0 0h24v24H0z"
                    fill="none"
                  />
                  <path
                    d="M10.414 12l5.293-5.293a1 1 0 00-1.414-1.414l-6 6a1 1 0 000 1.414l6 6a1 1 0 101.414-1.414z"
                  />
                </g>
              </svg>
            </div>
          </button>
        </span>
      </li>
      <li
        className="default-pagination"
      >
        <span
          className="sc-bczRLJ hROJNc"
        >
          <button
            className="sc-gKXOVf sc-papXJ foJVnI cUKKxM active"
            data-testid="undefined-page-1"
            fontSize="16px"
            loading={false}
            onClick={[Function]}
            onKeyUp={[Function]}
            tabIndex={0}
            type="button"
          >
            <div
              className="text-container "
            >
              1
            </div>
          </button>
        </span>
      </li>
      <li
        className="default-pagination"
      >
        <span
          className="sc-bczRLJ hROJNc"
        >
          <button
            className="sc-gKXOVf sc-papXJ foJVnI cUKKxM"
            data-testid="undefined-page-2"
            fontSize="16px"
            loading={false}
            onClick={[Function]}
            onKeyUp={[Function]}
            tabIndex={0}
            type="button"
          >
            <div
              className="text-container "
            >
              2
            </div>
          </button>
        </span>
      </li>
      <li
        className="default-pagination"
      >
        <span
          className="sc-bczRLJ hROJNc"
        >
          <button
            className="sc-gKXOVf sc-papXJ foJVnI cUKKxM"
            data-testid="undefined-page-3"
            fontSize="16px"
            loading={false}
            onClick={[Function]}
            onKeyUp={[Function]}
            tabIndex={0}
            type="button"
          >
            <div
              className="text-container "
            >
              3
            </div>
          </button>
        </span>
      </li>
      <li
        className="default-pagination"
      >
        <span
          className="sc-bczRLJ hROJNc"
        >
          <button
            className="sc-gKXOVf sc-papXJ foJVnI cUKKxM"
            data-testid="undefined-page-4"
            fontSize="16px"
            loading={false}
            onClick={[Function]}
            onKeyUp={[Function]}
            tabIndex={0}
            type="button"
          >
            <div
              className="text-container "
            >
              4
            </div>
          </button>
        </span>
      </li>
      <li
        className="default-pagination"
      >
        <span
          className="sc-bczRLJ hROJNc"
        >
          <button
            className="sc-gKXOVf sc-papXJ foJVnI cUKKxM"
            data-testid="undefined-page-5"
            fontSize="16px"
            loading={false}
            onClick={[Function]}
            onKeyUp={[Function]}
            tabIndex={0}
            type="button"
          >
            <div
              className="text-container "
            >
              5
            </div>
          </button>
        </span>
      </li>
      <li
        data-testid="undefined-dots"
        tabIndex={-1}
      >
        <div
          className="sc-iqcoie lcUdKR"
        >
          â€¦
        </div>
      </li>
      <li
        className="default-pagination"
      >
        <span
          className="sc-bczRLJ hROJNc"
        >
          <button
            className="sc-gKXOVf sc-papXJ foJVnI cUKKxM"
            data-testid="undefined-page-10"
            fontSize="16px"
            loading={false}
            onClick={[Function]}
            onKeyUp={[Function]}
            tabIndex={0}
            type="button"
          >
            <div
              className="text-container "
            >
              10
            </div>
          </button>
        </span>
      </li>
      <li>
        <span
          className="sc-bczRLJ hROJNc"
        >
          <button
            className="sc-gKXOVf sc-papXJ hQuGSn cUKKxM"
            data-testid="undefined-button-next"
            disabled={false}
            fontSize="16px"
            loading={false}
            onClick={[Function]}
            onKeyUp={[Function]}
            tabIndex={0}
            type="button"
          >
            <div
              className="text-container "
            >
              <svg
                className="sc-gsnTZi gIwTyE"
                color="#212833"
                data-testid="svg-component"
                size="24px"
                version="1.1"
                viewBox="0 0 24 24"
                xmlns="http://www.w3.org/2000/svg"
                xmlnsXlink="http://www.w3.org/1999/xlink"
              >
                <g
                  fillRule="evenodd"
                >
                  <path
                    d="M0 0h24v24H0z"
                    fill="none"
                  />
                  <path
                    d="M13.586 12l-5.293 5.293a1 1 0 001.414 1.414L16.414 12 9.707 5.293a1 1 0 00-1.414 1.414z"
                  />
                </g>
              </svg>
            </div>
          </button>
        </span>
      </li>
    </ul>
  </span>
</div>
`;
