// Jest Snapshot v1, https://goo.gl/fbAQLP

exports[`Toast matches snapshot 1`] = `
<div
  className="sc-kDDrLX jwOBGr"
>
  <div
    className="sc-iqcoie eyjmYd"
    color="notification-strong"
    data-testid="toast-container"
  >
    <span
      className="sc-bczRLJ hROJNc"
    >
      <p
        className="sc-dkzDqf jdtZuS"
        color="white"
        data-testid="toast-message"
      >
        Toast message
      </p>
    </span>
    <div
      className="sc-evZas cWbSUu"
    >
      <span
        className="sc-bczRLJ hROJNc"
      >
        <button
          className="sc-gKXOVf sc-papXJ hQuGSn fESpCB"
          data-testid="toast-close-icon"
          fontSize="16px"
          onClick={[Function]}
          tabIndex={-1}
          type="button"
        >
          <div
            className="text-container "
          >
            <svg
              className="sc-gsnTZi gIwTyE"
              color="#212833"
              data-testid="svg-component"
              size="24px"
              version="1.1"
              viewBox="0 0 24 24"
              xmlns="http://www.w3.org/2000/svg"
              xmlnsXlink="http://www.w3.org/1999/xlink"
            >
              <g
                fillRule="evenodd"
              >
                <path
                  d="M0 0h24v24H0z"
                  fill="none"
                />
                <path
                  d="M6.249 4.846l.094.083L12 10.585l5.657-5.656a1 1 0 011.497 1.32l-.083.094L13.415 12l5.656 5.657a1 1 0 01-1.32 1.497l-.094-.083L12 13.415l-5.657 5.656a1 1 0 01-1.497-1.32l.083-.094L10.585 12 4.929 6.343a1 1 0 011.32-1.497z"
                />
              </g>
            </svg>
          </div>
        </button>
      </span>
    </div>
  </div>
</div>
`;
