// Jest Snapshot v1, https://goo.gl/fbAQLP

exports[`pill matches snapshot 1`] = `
<div
  className="sc-gtsrHT fZXwjN"
>
  <div
    className="sc-dlnjwi iLDZtA"
  >
    <div
      className="sc-bdnxRM clXnYP"
    />
    <span
      className="sc-hKFxyN bMGvss"
    >
      30
      %
    </span>
  </div>
  <span
    className="sc-eCApnc fLMErq"
  >
    Test text
  </span>
</div>
`;
