// Jest Snapshot v1, https://goo.gl/fbAQLP

exports[`molecule stepper matches snapshot 1`] = `
<div
  className="sc-dkzDqf hoZXih"
/>
`;
