// Jest Snapshot v1, https://goo.gl/fbAQLP

exports[`pill matches snapshot 1`] = `
<span
  className="sc-bczRLJ hROJNc"
>
  <div
    className="sc-dkzDqf hoMrIK"
    color="primary"
    fontSize="14px"
    size="32px"
  >
    <svg
      className="sc-gsnTZi iOMLMs pill__icon"
      color="white"
      data-testid="svg-component"
      size="24px"
      version="1.1"
      viewBox="0 0 24 24"
      xmlns="http://www.w3.org/2000/svg"
      xmlnsXlink="http://www.w3.org/1999/xlink"
    >
      <path
        d="M12 6.753a1.33 1.33 0 01-1.341-1.32V2.757C10.659 1.79 9.867 1 8.877 1c-.41 0-.784.153-1.087.388a4.256 4.256 0 01-4.149.61C2.433 1.533 1.023 1.981.353 3.124a2.618 2.618 0 00.65 3.372 4.12 4.12 0 011.542 3.842c-.055.38-.002.774.204 1.13a1.801 1.801 0 002.433.64l2.355-1.34a1.348 1.348 0 011.826.486 1.31 1.31 0 01-.495 1.8l-2.35 1.339a1.737 1.737 0 00-.646 2.398c.204.355.53.594.883.734 1.375.546 2.387 1.76 2.608 3.24A2.653 2.653 0 0012 23c1.34 0 2.438-.967 2.629-2.234.229-1.48 1.243-2.695 2.611-3.241.36-.14.682-.38.887-.734a1.736 1.736 0 00-.654-2.398l-2.351-1.34a1.305 1.305 0 01-.486-1.8c.369-.63 1.187-.85 1.824-.486l2.35 1.342a1.809 1.809 0 002.44-.642c.2-.355.256-.75.2-1.129a4.117 4.117 0 011.538-3.842c1.014-.8 1.327-2.226.654-3.372-.672-1.143-2.073-1.591-3.288-1.126a4.252 4.252 0 01-4.148-.61 1.765 1.765 0 00-2.87 1.37v2.674c0 .728-.6 1.32-1.336 1.32"
        fillRule="evenodd"
      />
    </svg>
    <div
      className="sc-hKMtZM dKAPlu"
      data-testid="undefined-text"
    >
      Pill text
    </div>
  </div>
</span>
`;
