// Jest Snapshot v1, https://goo.gl/fbAQLP

exports[`Products bar component matches snapshot 1`] = `
<div
  className="sc-hKMtZM ubCAJ"
>
  <div
    className="sc-breuTD cosMe"
    open={false}
  />
  <svg
    className="sc-gsnTZi iOMLMs"
    color="white"
    data-testid="svg-component"
    size="24px"
    version="1.1"
    viewBox="0 0 24 24"
    xmlns="http://www.w3.org/2000/svg"
    xmlnsXlink="http://www.w3.org/1999/xlink"
  >
    <path
      d="M12 6.753a1.33 1.33 0 01-1.341-1.32V2.757C10.659 1.79 9.867 1 8.877 1c-.41 0-.784.153-1.087.388a4.256 4.256 0 01-4.149.61C2.433 1.533 1.023 1.981.353 3.124a2.618 2.618 0 00.65 3.372 4.12 4.12 0 011.542 3.842c-.055.38-.002.774.204 1.13a1.801 1.801 0 002.433.64l2.355-1.34a1.348 1.348 0 011.826.486 1.31 1.31 0 01-.495 1.8l-2.35 1.339a1.737 1.737 0 00-.646 2.398c.204.355.53.594.883.734 1.375.546 2.387 1.76 2.608 3.24A2.653 2.653 0 0012 23c1.34 0 2.438-.967 2.629-2.234.229-1.48 1.243-2.695 2.611-3.241.36-.14.682-.38.887-.734a1.736 1.736 0 00-.654-2.398l-2.351-1.34a1.305 1.305 0 01-.486-1.8c.369-.63 1.187-.85 1.824-.486l2.35 1.342a1.809 1.809 0 002.44-.642c.2-.355.256-.75.2-1.129a4.117 4.117 0 011.538-3.842c1.014-.8 1.327-2.226.654-3.372-.672-1.143-2.073-1.591-3.288-1.126a4.252 4.252 0 01-4.148-.61 1.765 1.765 0 00-2.87 1.37v2.674c0 .728-.6 1.32-1.336 1.32"
      fillRule="evenodd"
    />
  </svg>
  <div
    className="sc-eCYdqJ bZezBM"
  >
    <ul
      className="sc-jSMfEi dJEoXJ"
      data-testid="system-options"
    >
      <li
        className="sc-gKXOVf kuyIwz"
        onClick={[Function]}
      >
        <span
          className="sc-ftvSup dtcHEr"
        >
          <a
            href="/iframe.html"
          >
            <svg
              className="sc-gsnTZi iOMLMs"
              color="white"
              data-testid="svg-component"
              size="24px"
              version="1.1"
              viewBox="0 0 24 24"
              xmlns="http://www.w3.org/2000/svg"
              xmlnsXlink="http://www.w3.org/1999/xlink"
            >
              <path
                d="M16 2a1 1 0 01.117 1.993L16 4H7a1 1 0 00-.993.883L6 5v14a1 1 0 00.883.993L7 20h9a1 1 0 01.117 1.993L16 22H7a3 3 0 01-2.995-2.824L4 19V5a3 3 0 012.824-2.995L7 2zm-4 13a1 1 0 01.117 1.993L12 17H9a1 1 0 01-.117-1.993L9 15zm5.293-6.667a1 1 0 011.414 0l3 3a1 1 0 010 1.414l-3 3a1 1 0 01-1.414-1.414l2.293-2.293-2.293-2.293a1 1 0 010-1.414zM12 11a1 1 0 01.117 1.993L12 13H9a1 1 0 01-.117-1.993L9 11zm0-4a1 1 0 01.117 1.993L12 9H9a1 1 0 01-.117-1.993L9 7z"
                fillRule="evenodd"
              />
            </svg>
          </a>
        </span>
      </li>
      <li
        className="sc-gKXOVf kuyIwz"
        onClick={[Function]}
      >
        <span
          className="sc-ftvSup dtcHEr"
        >
          <a
            href="/item2"
            onClick={[Function]}
          >
            <svg
              className="sc-gsnTZi iOMLMs"
              color="white"
              data-testid="svg-component"
              size="24px"
              version="1.1"
              viewBox="0 0 24 24"
              xmlns="http://www.w3.org/2000/svg"
              xmlnsXlink="http://www.w3.org/1999/xlink"
            >
              <path
                d="M16 2a1 1 0 01.117 1.993L16 4H7a1 1 0 00-.993.883L6 5v14a1 1 0 00.883.993L7 20h9a1 1 0 01.117 1.993L16 22H7a3 3 0 01-2.995-2.824L4 19V5a3 3 0 012.824-2.995L7 2zm-4 13a1 1 0 01.117 1.993L12 17H9a1 1 0 01-.117-1.993L9 15zm5.293-6.667a1 1 0 011.414 0l3 3a1 1 0 010 1.414l-3 3a1 1 0 01-1.414-1.414l2.293-2.293-2.293-2.293a1 1 0 010-1.414zM12 11a1 1 0 01.117 1.993L12 13H9a1 1 0 01-.117-1.993L9 11zm0-4a1 1 0 01.117 1.993L12 9H9a1 1 0 01-.117-1.993L9 7z"
                fillRule="evenodd"
              />
            </svg>
          </a>
        </span>
      </li>
    </ul>
    <div
      className="sc-jqUVSM cVlWPk"
      open={false}
    >
      <li
        className="sc-gKXOVf kuyIwz"
        onClick={[Function]}
      >
        <span
          className="sc-ftvSup dtcHEr"
        >
          <span
            className="sc-papXJ iHFpNU"
            data-testid="avatar"
          />
        </span>
      </li>
      <div
        className="sc-crXcEl eCrVYO"
        open={false}
      >
        <div
          className="sc-kDDrLX kGIrKz"
        >
          <span
            className="sc-bczRLJ qaxFj"
          >
            <p
              className="sc-dkzDqf eSqqkM"
              color="white"
            >
              Maria Snow
            </p>
          </span>
          <p
            className="sc-iqcoie ctpUi"
          >
            Market director
          </p>
        </div>
        <ul
          data-testid="profile-options"
        >
          <li
            className="sc-evZas bzEkrF"
            onClick={[Function]}
          >
            <a
              href="/profile"
              onClick={[Function]}
            >
              <svg
                className="sc-gsnTZi iOMLMs"
                color="white"
                data-testid="svg-component"
                size="24px"
                version="1.1"
                viewBox="0 0 24 24"
                xmlns="http://www.w3.org/2000/svg"
                xmlnsXlink="http://www.w3.org/1999/xlink"
              >
                <path
                  d="M16 2a1 1 0 01.117 1.993L16 4H7a1 1 0 00-.993.883L6 5v14a1 1 0 00.883.993L7 20h9a1 1 0 01.117 1.993L16 22H7a3 3 0 01-2.995-2.824L4 19V5a3 3 0 012.824-2.995L7 2zm-4 13a1 1 0 01.117 1.993L12 17H9a1 1 0 01-.117-1.993L9 15zm5.293-6.667a1 1 0 011.414 0l3 3a1 1 0 010 1.414l-3 3a1 1 0 01-1.414-1.414l2.293-2.293-2.293-2.293a1 1 0 010-1.414zM12 11a1 1 0 01.117 1.993L12 13H9a1 1 0 01-.117-1.993L9 11zm0-4a1 1 0 01.117 1.993L12 9H9a1 1 0 01-.117-1.993L9 7z"
                  fillRule="evenodd"
                />
              </svg>
              <span
                className="sc-bczRLJ qaxFj"
              >
                <p
                  className="sc-dkzDqf jdtZuS"
                  color="white"
                >
                  User profile
                </p>
              </span>
            </a>
          </li>
          <li
            className="sc-evZas bzEkrF"
            onClick={[Function]}
          >
            <a
              href="/sign-out"
              onClick={[Function]}
            >
              <svg
                className="sc-gsnTZi iOMLMs"
                color="white"
                data-testid="svg-component"
                size="24px"
                version="1.1"
                viewBox="0 0 24 24"
                xmlns="http://www.w3.org/2000/svg"
                xmlnsXlink="http://www.w3.org/1999/xlink"
              >
                <path
                  d="M16 2a1 1 0 01.117 1.993L16 4H7a1 1 0 00-.993.883L6 5v14a1 1 0 00.883.993L7 20h9a1 1 0 01.117 1.993L16 22H7a3 3 0 01-2.995-2.824L4 19V5a3 3 0 012.824-2.995L7 2zm-4 13a1 1 0 01.117 1.993L12 17H9a1 1 0 01-.117-1.993L9 15zm5.293-6.667a1 1 0 011.414 0l3 3a1 1 0 010 1.414l-3 3a1 1 0 01-1.414-1.414l2.293-2.293-2.293-2.293a1 1 0 010-1.414zM12 11a1 1 0 01.117 1.993L12 13H9a1 1 0 01-.117-1.993L9 11zm0-4a1 1 0 01.117 1.993L12 9H9a1 1 0 01-.117-1.993L9 7z"
                  fillRule="evenodd"
                />
              </svg>
              <span
                className="sc-bczRLJ qaxFj"
              >
                <p
                  className="sc-dkzDqf jdtZuS"
                  color="white"
                >
                  Sign out
                </p>
              </span>
            </a>
          </li>
        </ul>
      </div>
    </div>
  </div>
</div>
`;
